touch testing.txt

git init      - to initialize

git remote add  origin https://github.com/Madhulik099/testing-git.git   to add remote repo to local - url came from clone url http

git status 

git add .          . - to add all files into staging

git commit -m "Message"

git status 

git push origin       - 

------------------------------------------------

GIT CLONE AND PUSH TO PROD 



madhu@SuniSrinu MINGW64 /d/madhu/EDU/git-commands
$ git clone https://github.com/Madhulik099/testing-git.git .
Cloning into '.'...
remote: Enumerating objects: 12, done.
remote: Counting objects: 100% (12/12), done.
remote: Compressing objects: 100% (8/8), done.
remote: Total 12 (delta 1), reused 8 (delta 0), pack-reused 0
Receiving objects: 100% (12/12), done.
Resolving deltas: 100% (1/1), done.

madhu@SuniSrinu MINGW64 /d/madhu/EDU/git-commands (main)
$ git checkout prod
Switched to a new branch 'prod'
branch 'prod' set up to track 'origin/prod'.

madhu@SuniSrinu MINGW64 /d/madhu/EDU/git-commands (prod)
$ git pull 
Already up to date.


madhu@SuniSrinu MINGW64 /d/madhu/EDU/git-commands (prod)
$ git status
On branch prod
Your branch is up to date with 'origin/prod'.

Changes not staged for commit:
  (use "git add <file>..." to update what will be committed)
  (use "git restore <file>..." to discard changes in working directory)
        modified:   git-commands

no changes added to commit (use "git add" and/or "git commit -a")

madhu@SuniSrinu MINGW64 /d/madhu/EDU/git-commands (prod)
$ git add .

madhu@SuniSrinu MINGW64 /d/madhu/EDU/git-commands (prod)
$ git commit -m "clone to prod"
[prod 6921c2a] clone to prod
 1 file changed, 26 insertions(+)

madhu@SuniSrinu MINGW64 /d/madhu/EDU/git-commands (prod)
$ git status
On branch prod
Your branch is ahead of 'origin/prod' by 1 commit.
  (use "git push" to publish your local commits)

nothing to commit, working tree clean

madhu@SuniSrinu MINGW64 /d/madhu/EDU/git-commands (prod)
$ git push origin
Enumerating objects: 5, done.
Counting objects: 100% (5/5), done.
Delta compression using up to 8 threads
Compressing objects: 100% (3/3), done.
Writing objects: 100% (3/3), 774 bytes | 774.00 KiB/s, done.
Total 3 (delta 0), reused 0 (delta 0), pack-reused 0
To https://github.com/Madhulik099/testing-git.git
   1772dfd..6921c2a  prod -> prod

madhu@SuniSrinu MINGW64 /d/madhu/EDU/git-commands (prod)
$

